// Jest Snapshot v1, https://goo.gl/fbAQLP

exports[`Component Calendar.vue Matches snapshot 1`] = `
<div class="container vbeds column">
  <div class="v-menu">
    <div class="v-input v-input--is-label-active v-input--is-dirty theme--dark v-text-field">
      <div class="v-input__prepend-outer">
        <div class="v-input__icon v-input__icon--prepend"><i aria-hidden="true" class="v-icon notranslate material-icons theme--dark">event</i></div>
      </div>
      <div class="v-input__control">
        <div class="v-input__slot">
          <div class="v-text-field__slot"><label for="input-10" class="v-label v-label--active theme--dark" style="left: 0px; position: absolute;">Arrival</label><input id="input-10" type="text"></div>
        </div>
        <div class="v-text-field__details">
          <div class="v-messages theme--dark"><span name="message-transition" tag="div" class="v-messages__wrapper"></span></div>
        </div>
      </div>
    </div>
    <!---->
  </div>
  <div class="v-menu">
    <div class="v-input v-input--is-label-active v-input--is-dirty theme--dark v-text-field">
      <div class="v-input__prepend-outer">
        <div class="v-input__icon v-input__icon--prepend"><i aria-hidden="true" class="v-icon notranslate material-icons theme--dark">event</i></div>
      </div>
      <div class="v-input__control">
        <div class="v-input__slot">
          <div class="v-text-field__slot"><label for="input-15" class="v-label v-label--active theme--dark" style="left: 0px; position: absolute;">Departure</label><input id="input-15" type="text"></div>
        </div>
        <div class="v-text-field__details">
          <div class="v-messages theme--dark"><span name="message-transition" tag="div" class="v-messages__wrapper"></span></div>
        </div>
      </div>
    </div>
    <!---->
  </div>
  <div class="divBeds">
    <p vbeds="true" class="bedsText">
      Beds
    </p>
    <p class="availableBedsText">( 0 available )</p>
    <div class="v-input v-input--hide-details v-input--is-label-active v-input--is-dirty v-input--dense theme--dark v-text-field v-text-field--single-line v-text-field--enclosed v-text-field--outlined bedsInput">
      <div class="v-input__control">
        <div class="v-input__slot">
          <fieldset aria-hidden="true">
            <legend><span>â€‹</span></legend>
          </fieldset>
          <div class="v-text-field__slot"><input min="1" max="0" vbeds="true" id="input-19" type="number"></div>
        </div>
      </div>
    </div>
  </div>
  <!---->
</div>
`;
