// Jest Snapshot v1, https://goo.gl/fbAQLP

exports[`Component KeyDeliveries Matches snapshot 1`] = `<keytable-stub title="Levering" description="NÃ¸kler skal leveres innen en uke etter sluttdato" items="[object Object],[object Object],[object Object]"></keytable-stub>`;
