// Jest Snapshot v1, https://goo.gl/fbAQLP

exports[`Component DateSkippers.vue Matches snapshot 1`] = `<div class="row justify-center"><button type="button" class="navBtn v-btn v-btn--contained theme--light v-size--default" style="height: 50px; width: 50px;"><span class="v-btn__content">-1 å</span></button><button type="button" class="navBtn v-btn v-btn--contained theme--light v-size--default" style="height: 50px; width: 50px;"><span class="v-btn__content">-1 m</span></button><button type="button" class="navBtn v-btn v-btn--contained theme--light v-size--default" style="height: 50px; width: 50px;"><span class="v-btn__content">-1 u</span></button><button type="button" class="navBtn v-btn v-btn--contained theme--light v-size--default" style="height: 50px; width: 50px;"><span class="v-btn__content">-1 d</span></button><button type="button" class="navBtn v-btn v-btn--contained theme--light v-size--default" style="height: 50px; width: 50px;"><span class="v-btn__content">+1 d</span></button><button type="button" class="navBtn v-btn v-btn--contained theme--light v-size--default" style="height: 50px; width: 50px;"><span class="v-btn__content">+1 u</span></button><button type="button" class="navBtn v-btn v-btn--contained theme--light v-size--default" style="height: 50px; width: 50px;"><span class="v-btn__content">+1 m</span></button><button type="button" class="navBtn v-btn v-btn--contained theme--light v-size--default" style="height: 50px; width: 50px;"><span class="v-btn__content">+1 å</span></button></div>`;
