// Jest Snapshot v1, https://goo.gl/fbAQLP

exports[`View KeyManagement.vue Matches snapshot 1`] = `<keymanageroverview-stub style="padding: 10px;"></keymanageroverview-stub>`;
