// Jest Snapshot v1, https://goo.gl/fbAQLP

exports[`Component Login.vue Matches snapshot 1`] = `
<div class="wrapper"><img src="/ntnui_sprint/ntnui.svg" alt="ntnui-logo" class="img">
  <h2 class="title">
    Member
  </h2>
  <div class="formWrapper">
    <div class="wrapper">
      <form style="display: flex; flex-direction: column;"><label for="username" class="label__description">
          EMAIL
          <div id="username" class="username__field">
            <div></div>
            <div><input autocomplete="username" type="text" class="input"></div>
          </div>
        </label> <label for="password" class="label__description">
          PASSWORD
          <div id="password">
            <div></div>
            <div><input autocomplete="current-password" type="password" class="input"></div>
          </div>
        </label>
        <div style="border: 1px solid red; padding: 2px; margin: 2px;">
          <h4 style="color: red;">Kun for testform√•l</h4>
          <div class="v-input v-input--is-label-active v-input--is-dirty theme--light v-text-field v-select">
            <div class="v-input__control">
              <div role="button" aria-haspopup="listbox" aria-expanded="false" aria-owns="list-11" class="v-input__slot">
                <div class="v-select__slot"><label for="input-11" class="v-label v-label--active theme--light" style="left: 0px; position: absolute;">Velg brukertype</label>
                  <div class="v-select__selections">
                    <div class="v-select__selection v-select__selection--comma">Vanlig bruker</div><input id="input-11" readonly="readonly" type="text" aria-readonly="false" autocomplete="off">
                  </div>
                  <div class="v-input__append-inner">
                    <div class="v-input__icon v-input__icon--append"><i aria-hidden="true" class="v-icon notranslate mdi mdi-menu-down theme--light"></i></div>
                  </div><input type="hidden" value="Vanlig bruker">
                </div>
                <div class="v-menu">
                  <!---->
                </div>
              </div>
              <div class="v-text-field__details">
                <div class="v-messages theme--light"><span name="message-transition" tag="div" class="v-messages__wrapper"></span></div>
              </div>
            </div>
          </div>
        </div>
        <div class="error" style="display: none;">
          <p></p>
        </div> <button type="submit" class="v-btn v-btn--contained theme--light v-size--default"><span class="v-btn__content">
      LOG IN
    </span></button>
      </form>
    </div>
  </div>
  <p class="mt-12">
    Please visit <a href="https://medlem.ntnui.no" target="_blank">medlem.ntnui.no</a>
    to activate your Ntnui user or if you have forgotten your password.
  </p>
</div>
`;
