// Jest Snapshot v1, https://goo.gl/fbAQLP

exports[`Component ReportsFilter.vue Matches snapshot 1`] = `
<div class="col col-11">
  <div class="row justify-center">
    <h5 style="text-align: center;">Filtrer etter koie</h5>
  </div>
  <div class="row justify-center"><button type="button" class="v-btn v-btn--flat v-btn--icon v-btn--round v-btn--text theme--light v-size--default"><span class="v-btn__content"><i aria-hidden="true" class="v-icon notranslate mdi mdi-arrow-down theme--light"></i></span></button></div>
  <div class="row" style="display: none;">
    <div class="row shrink d-flex flex-wrap justify-center" style="display: none;"><span class="ma-1 v-chip v-chip--clickable theme--light v-size--default blue-grey darken-4"><span class="v-chip__content">Flåkoia</span></span><span class="ma-1 v-chip v-chip--clickable theme--light v-size--default blue-grey darken-4"><span class="v-chip__content">Fosenkoia</span></span><span class="ma-1 v-chip v-chip--clickable theme--light v-size--default blue-grey darken-4"><span class="v-chip__content">Heinfjordstua</span></span><span class="ma-1 v-chip v-chip--clickable theme--light v-size--default blue-grey darken-4"><span class="v-chip__content">Holmsåkoia</span></span><span class="ma-1 v-chip v-chip--clickable theme--light v-size--default blue-grey darken-4"><span class="v-chip__content">Holvassgamma</span></span><span class="ma-1 v-chip v-chip--clickable theme--light v-size--default blue-grey darken-4"><span class="v-chip__content">Høgnabu</span></span><span class="ma-1 v-chip v-chip--clickable theme--light v-size--default blue-grey darken-4"><span class="v-chip__content">Iglbu</span></span><span class="ma-1 v-chip v-chip--clickable theme--light v-size--default blue-grey darken-4"><span class="v-chip__content">Kamtjønnkoia</span></span><span class="ma-1 v-chip v-chip--clickable theme--light v-size--default blue-grey darken-4"><span class="v-chip__content">Kråklikåten</span></span><span class="ma-1 v-chip v-chip--clickable theme--light v-size--default blue-grey darken-4"><span class="v-chip__content">Kåsen</span></span><span class="ma-1 v-chip v-chip--clickable theme--light v-size--default blue-grey darken-4"><span class="v-chip__content">Lyngli</span></span><span class="ma-1 v-chip v-chip--clickable theme--light v-size--default blue-grey darken-4"><span class="v-chip__content">Lynhøgen</span></span><span class="ma-1 v-chip v-chip--clickable theme--light v-size--default blue-grey darken-4"><span class="v-chip__content">Mevasskoia</span></span><span class="ma-1 v-chip v-chip--clickable theme--light v-size--default blue-grey darken-4"><span class="v-chip__content">Mortenskåten</span></span><span class="ma-1 v-chip v-chip--clickable theme--light v-size--default blue-grey darken-4"><span class="v-chip__content">Nicokoia</span></span><span class="ma-1 v-chip v-chip--clickable theme--light v-size--default blue-grey darken-4"><span class="v-chip__content">Rindalsløa</span></span><span class="ma-1 v-chip v-chip--clickable theme--light v-size--default blue-grey darken-4"><span class="v-chip__content">Selbukåten</span></span><span class="ma-1 v-chip v-chip--clickable theme--light v-size--default blue-grey darken-4"><span class="v-chip__content">Sonvasskoia</span></span><span class="ma-1 v-chip v-chip--clickable theme--light v-size--default blue-grey darken-4"><span class="v-chip__content">Stabburet</span></span><span class="ma-1 v-chip v-chip--clickable theme--light v-size--default blue-grey darken-4"><span class="v-chip__content">Stakkslettbua</span></span><span class="ma-1 v-chip v-chip--clickable theme--light v-size--default blue-grey darken-4"><span class="v-chip__content">Telin</span></span><span class="ma-1 v-chip v-chip--clickable theme--light v-size--default blue-grey darken-4"><span class="v-chip__content">Tågåbu</span></span><span class="ma-1 v-chip v-chip--clickable theme--light v-size--default blue-grey darken-4"><span class="v-chip__content">Vekvessætra</span></span><span class="ma-1 v-chip v-chip--clickable theme--light v-size--default blue-grey darken-4"><span class="v-chip__content">Øvensenget</span></span></div>
  </div>
</div>
`;
