// Jest Snapshot v1, https://goo.gl/fbAQLP

exports[`Component SideBarBottom.vue Matches snapshot 1`] = `
<div>
  <div tabindex="0" id="sideBarallCabins" class="v-list-item v-list-item v-list-item--link theme--light">
    <div class="v-list-item__icon"><i aria-hidden="true" v-text="calendar-month" class="v-icon notranslate material-icons theme--light"></i></div>
    <div class="v-list-item__content">
      <div class="v-list-item__title">Alle koier</div>
    </div>
  </div>
  <div tabindex="0" id="sideBarreports" class="v-list-item v-list-item v-list-item--link theme--light">
    <div class="v-list-item__icon"><i aria-hidden="true" v-text="file-document-outline" class="v-icon notranslate material-icons theme--light"></i></div>
    <div class="v-list-item__content">
      <div class="v-list-item__title">Rapporter</div>
    </div>
  </div>
  <div tabindex="0" id="sideBarkeyOverview" class="v-list-item v-list-item v-list-item--link theme--light">
    <div class="v-list-item__icon"><i aria-hidden="true" v-text="key" class="v-icon notranslate material-icons theme--light"></i></div>
    <div class="v-list-item__content">
      <div class="v-list-item__title">NÃ¸kler</div>
    </div>
  </div>
</div>
`;
